6ccf725ff46d3d2d78d7be76974ada4220c8bafd	accept	2026-05-12T12:06:08Z	initial-import 2026-05-12
43bafa86867f792b2f929e27205d3ff6ffac96a4	skip	2026-06-22T08:40:54Z	non-vendored / no-op for our content
39df9ff37ffa3e8dd72245b4ae464d366cb740c8	cherry-picked:54cc19ee8e7407e2184bff489389346605416de8	2026-06-22T08:40:54Z	upstream-sync 2026-06-22
bbb56ac5ad219745ef3d689071a1edfe0ff20d11	skip	2026-06-22T08:40:54Z	non-vendored / no-op for our content
b04d7737a6cd86c5c9e1c79ab58f26e67b46c799	skip	2026-06-22T08:40:54Z	non-vendored / no-op for our content
3804525d43a345e7c01b8f141976862584d320d5	cherry-picked:54cc19ee8e7407e2184bff489389346605416de8	2026-06-22T08:40:54Z	upstream-sync 2026-06-22
7634dd9d2a34a3c7e724225d2c285cacdc30b2c9	skip	2026-06-22T08:40:54Z	non-vendored / no-op for our content
1d4b107f210c233ababf1213c9494104b9399cff	skip	2026-06-22T08:40:54Z	non-vendored / no-op for our content
eebcf613ee5bed680ee37b0e021744d8ea9742ae	skip	2026-06-22T08:40:54Z	non-vendored / no-op for our content
28848998e88b9a275f130cd5bca911e709d8a7ef	cherry-picked:54cc19ee8e7407e2184bff489389346605416de8	2026-06-22T08:40:54Z	upstream-sync 2026-06-22
9b782804d0898558b4b5e2bc6ef427cc34ccb88d	skip	2026-06-22T08:40:54Z	non-vendored / no-op for our content
e3d59da7dd14d014a9a0edd5fd8bbb5fba3858cb	skip	2026-06-22T08:40:54Z	non-vendored / no-op for our content
27543eeb0b86af13b72a312c27f71c36d63dbf2f	skip	2026-06-22T08:40:54Z	non-vendored / no-op for our content
26e1d996a738d64ed112d1575079882ee8f39389	skip	2026-06-22T08:40:54Z	non-vendored / no-op for our content
4ac98d09a4678cb7d64ea398dc14882c84a3cfd9	skip	2026-06-22T08:40:54Z	non-vendored / no-op for our content
11716625e38f1a67e4480c7aa999961c5a5e2903	skip	2026-06-22T08:40:54Z	non-vendored / no-op for our content
114c2639955c088e51bac65398935a8d6b372499	skip	2026-06-22T08:40:54Z	non-vendored / no-op for our content
8c7e016b3d888ddadc454d9c6fa5f33ac42bf291	skip	2026-06-22T08:40:54Z	non-vendored / no-op for our content
33fbf8261b7901d357f2796a02957cd2813fb0bf	skip	2026-06-22T08:40:54Z	non-vendored / no-op for our content
fd500573b0017d37d6628a6b21b77c28157d7be8	skip	2026-06-22T08:40:54Z	non-vendored / no-op for our content
168ec1416e54a9f5732343031094fc6fe2e36955	skip	2026-06-22T08:40:54Z	non-vendored / no-op for our content
b75e843bf0a501b6c82d0ff47d9fecffb3e5fcc6	skip	2026-06-22T08:40:54Z	non-vendored / no-op for our content
2e24bfb3279751a4fae0194e184d99139b240619	skip	2026-06-22T08:40:54Z	non-vendored / no-op for our content
a5e0e5997aac169b659e70cb826a20b489bc4c6c	skip	2026-06-22T08:40:54Z	non-vendored / no-op for our content
120adf5108b3d216a2f7386dcf1df9997db03e04	skip	2026-07-11T20:03:23Z	
8b2d019212d6a5390d472a7660a8489109d7db49	skip	2026-07-11T20:03:24Z	
7437b5094f432e1c9f865ccfb2cc0aa24d8ef550	skip	2026-07-11T20:03:24Z	
1e3ae5fbcb83b96542ce9182e8f621709f9f72f3	skip	2026-07-11T20:03:25Z	
faa9ccfeee2b8ddb319b6ca01c0df5b3200cd7cf	skip	2026-07-11T20:03:26Z	
f4be06f6ba90da05d0a963fd4079a8056cee7300	skip	2026-07-11T20:03:26Z	
79cd787fb2dc5a7a202896039905bf6bef80dea1	skip	2026-07-11T20:03:27Z	
5a32b1f1fe29c635cafdf30f75d18dda5b199a52	skip	2026-07-11T20:03:28Z	
16a4c37592fd2c809591431ea255f5918caf5305	skip	2026-07-11T20:03:28Z	
709b18186985c2ae7b6b5eb9cded2c635aa74be5	skip	2026-10-06T19:44:26Z	non-vendored
8c1f0b71d162b552959cdec0bbb56053a59e18cb	skip	2026-10-06T19:44:26Z	non-vendored
19300001d8262dd57e1ffe49f1fb2765c403ae66	skip	2026-10-06T19:44:26Z	non-vendored
41bce94a743ff2cd46e89250187a56736ed505c8	skip	2026-10-06T19:44:26Z	non-vendored
e27d59ca42b5d16204a0af1e99e77b9546754ad3	skip	2026-10-06T19:44:26Z	non-vendored
30cdf15cde8db8730c42a2918d7cdb4505f5ff54	skip	2026-10-06T19:44:26Z	non-vendored
20e960371b346d5cb7333fda3d46f5e3578d3659	skip	2026-10-06T19:44:26Z	non-vendored
147c0679e2442fffd45e8f2275e9417f2991e6f5	skip	2026-10-06T19:44:26Z	non-vendored
ae07410d75c2e6cedab04074c06b19dc235a48f9	cherry-picked:29be25ebab7478a684bb3550bf76d3c49e9c2edb	2026-10-06T19:56:36Z	confirmed
5043d0a07a1c4d68a6836decab67d1b221112040	cherry-picked:29be25ebab7478a684bb3550bf76d3c49e9c2edb	2026-10-06T19:56:36Z	confirmed
01cdd1a91759813d45ca86bc42eb68953edaf1a2	skip	2026-10-06T19:56:36Z	non-portable / no-op locally / adopted separately
ba9cc6d7fdc06f9ced80faa14a7ef3efe010b474	skip	2026-10-06T19:56:36Z	non-portable / no-op locally / adopted separately
432d49f4cdaa59aecf8174978ccdaa11b1f1e1c4	skip	2026-10-06T19:56:36Z	non-portable / no-op locally / adopted separately
ec8c349e295a6c1057743841e7b0f6d06adc1c0b	cherry-picked:29be25ebab7478a684bb3550bf76d3c49e9c2edb	2026-10-06T19:56:36Z	confirmed
0944f801aab5169fcd0981d66f8013cba4ed2c16	cherry-picked:29be25ebab7478a684bb3550bf76d3c49e9c2edb	2026-10-06T19:56:36Z	confirmed
8f8e2feb661bfecbba2b7a3f03a5fbad573073f9	cherry-picked:29be25ebab7478a684bb3550bf76d3c49e9c2edb	2026-10-06T19:56:36Z	confirmed
bac46b0bed2677f840837e16be2c790341bda2df	skip	2026-10-06T19:56:36Z	non-portable / no-op locally / adopted separately
