b71de35cb5a1acc458e1f518cbb9acc830f6d7c6	accept	2026-05-12T12:06:14Z	initial-import 2026-05-12
4c585e1b6d8a06d37c717a6d7c041a4829037242	skip	2026-06-22T08:40:54Z	non-vendored / no-op for our content
981d9b71d0187be796b03c2f4d69cccca80c0e42	skip	2026-06-22T08:40:54Z	non-vendored / no-op for our content
c5efa32e0ef4922d693785014258f7a0aefae259	skip	2026-06-22T08:40:54Z	non-vendored / no-op for our content
6c07f169584b1884b30146c086fa864ffd642eba	skip	2026-06-22T08:40:54Z	non-vendored / no-op for our content
1ecb3055e2d82e166e9bd4da6975eec65c41e3fd	skip	2026-06-22T08:40:54Z	non-vendored / no-op for our content
0544d2eee104ee7a1e15e698166ae38ad8940606	skip	2026-06-22T08:40:54Z	non-vendored / no-op for our content
e4ef57985f616a66ad395484b424b04a8785c123	skip	2026-06-22T08:40:54Z	non-vendored / no-op for our content
b3f89297f3b649f7d9588d17207b5e4bd998bf94	skip	2026-06-22T08:40:54Z	non-vendored / no-op for our content
ba3700d41a07ab5e01919ce9a42a38907186a9fe	cherry-picked:54cc19ee8e7407e2184bff489389346605416de8	2026-06-22T08:40:54Z	upstream-sync 2026-06-22
236687860a7ad1de9836938d1c0eacff05cdc922	skip	2026-06-22T08:40:54Z	non-vendored / no-op for our content
24a3a7bd6caa8e87b3a91e93c95959e3cfdb906d	skip	2026-06-22T08:40:54Z	non-vendored / no-op for our content
f39093a2538d8180055a48d68f26c284361116e1	skip	2026-06-22T08:40:54Z	non-vendored / no-op for our content
f642505bac9311866c6fda3c46e778a3f0c4b06d	skip	2026-07-11T20:05:54Z	
0a1ac844cb0cc05ff752bdbbbcf15bec960bb7e7	skip	2026-07-11T20:05:55Z	
fa12eac69931f9d5d006e45943cc43d9ea17a4cc	skip	2026-07-11T20:05:56Z	
1ee982fe7c88e38bc0ed4b5d711ad3177b29a887	skip	2026-07-11T20:05:57Z	
a1588ade5295c4c74f2a11d9b1c19d6df66af9cf	skip	2026-07-11T20:05:58Z	
89c527697b496cd6ad01065707613005a086a875	skip	2026-07-11T20:05:59Z	
67938e171442ca7f3540d8b7546ca61d6dccd55c	skip	2026-07-11T20:05:59Z	
506c7a7a24809efbbdc0c3cc5cf0fbfb3450a86f	skip	2026-07-11T20:06:00Z	
d3b5822d4c30f732fc6d961629e55835b0c10892	skip	2026-10-06T19:44:26Z	non-vendored
3c574cba96eb201a080b44047a2493159bee17d1	skip	2026-10-06T19:44:26Z	non-vendored
df0c1f35c143c4b446c0026eadd5a27a538a4685	skip	2026-10-06T19:44:26Z	non-vendored
54973169ce3688bddc6f7343d807a79445d629f4	skip	2026-10-06T19:44:26Z	non-vendored
412b21ac98ec35f1fb95cb25f46310ec1f29bede	skip	2026-10-06T19:44:26Z	non-vendored
9b55d2b546603b8a57ae74203cd6b7d623419b3a	skip	2026-10-06T19:44:26Z	non-vendored
617f8b5137daa4dcc8c6f7e588e12692915ce3ae	skip	2026-10-06T19:44:26Z	non-vendored
e0a67fd34d834e2fbeb774d1fa7b023facfecc7d	skip	2026-10-06T19:44:26Z	non-vendored
a8a332dc767319e9262c9f002e58d2e2b88691d3	skip	2026-10-06T19:44:26Z	non-vendored
04d245b7888e8c9b063d460aef10106e66e48a4f	skip	2026-10-06T19:44:26Z	non-vendored
de92345773e60a4e8a194d48b75cbcba289e8a2e	skip	2026-10-06T19:44:26Z	non-vendored
ae38b1438e5787ce474f7a447da37817f79b1085	skip	2026-10-06T19:44:26Z	non-vendored
72b037375e8b829c1269b5008e3ef11c4c1e8378	skip	2026-10-06T19:44:26Z	non-vendored
ae5e5859abfbaae5d91cdd6eeb6a4245cd1cc646	skip	2026-10-06T19:44:26Z	non-vendored
6fcc124376b443e3dd8e330d366c9580fe3b86ce	skip	2026-10-06T19:44:26Z	non-vendored
d58859a5c2ef0a4ff90bb6a993a031b9cacc97ee	skip	2026-10-06T19:44:26Z	non-vendored
d629478db7984ff907aea7679015225063956694	skip	2026-10-06T19:44:26Z	non-vendored
d6e4bb092211fe4bae0994b0f2fa316ed2dd03d3	skip	2026-10-06T19:44:26Z	non-vendored
4bf48730d31782eba17737066a4b53a8916af76a	skip	2026-10-06T19:44:26Z	non-vendored
27d0d65740824b3f72c852df034c1bf807b03f31	skip	2026-10-06T19:44:26Z	non-vendored
c83b5d097a67074d60909414186cfc470e388aae	skip	2026-10-06T19:44:26Z	non-vendored
1c07ecb61a3b612b5f1a858afa8d16c82cdb3f05	skip	2026-10-06T19:44:26Z	non-vendored
1d7c06a562bfc66268b693c528efb7ac5f5428ca	skip	2026-10-06T19:44:26Z	non-vendored
cb45219a2c794cf2cca72e2ea39af87de1c21767	skip	2026-10-06T19:44:26Z	non-vendored
b6defffa2f50961be56decf7134cc3f4bcf73d05	skip	2026-10-06T19:44:26Z	non-vendored
04a8b15d515198b0c420adf62818610a237974aa	skip	2026-10-06T19:44:26Z	non-vendored
439b945795b5ef28d55868c23411a8d90144ed9c	skip	2026-10-06T19:44:26Z	non-vendored
04110d995620cd5806467763c0c741bd58c22e3c	skip	2026-10-06T19:44:26Z	non-vendored
bd5ac5f481975e0bc7fcf1f98a4f23efe343f5b6	skip	2026-10-06T19:44:26Z	non-vendored
b2f2284da6ba6fbac0f6f0c397abdc396c16802e	skip	2026-10-06T19:44:26Z	non-vendored
