a56045e9ae00b3506cacefea0f672aab0a1a6e3c	accept	2026-05-12T11:56:49Z	initial-import 2026-05-12
98b01ec8ffb376e942daf85678a400321cc08613	skip	2026-06-22T08:40:54Z	non-vendored / no-op for our content
c94841be3deae8a880fa1a9078979adac7ca3dbc	skip	2026-06-22T08:40:54Z	non-vendored / no-op for our content
f09e5c729a297834680d0fbff675743ca23bf4a6	skip	2026-06-22T08:40:54Z	non-vendored / no-op for our content
d5fe2e6a7896236c3102fd5477e833623ad70298	skip	2026-06-22T08:40:54Z	non-vendored / no-op for our content
557711933147cabb9c833fd74d93e45a559b0dcd	cherry-picked:54cc19ee8e7407e2184bff489389346605416de8	2026-06-22T08:40:54Z	upstream-sync 2026-06-22
64a8c3f00ba4a2962ff23c4823c48e3da6604be8	skip	2026-06-22T08:40:54Z	non-vendored / no-op for our content
c070b9b5881183ea5f6e320ff06c46688becb13e	skip	2026-06-22T08:40:54Z	non-vendored / no-op for our content
ff4162dcb9cec5b7abe5ab039c868544b325275d	skip	2026-06-22T08:40:54Z	non-vendored / no-op for our content
cfe5d7b1619e47fb5b38b7e2561dad7e5f1e89af	skip	2026-07-11T20:03:14Z	
3b316e6ac7cb717dbf4220b3cbbaff9b683e5241	skip	2026-10-06T19:44:26Z	non-vendored
587160fccceb3fd150fdfe41ec14661da7b14de8	skip	2026-10-06T19:44:26Z	non-vendored
101a1020692a0ea42044cb7436a6ce2745b9e8d1	skip	2026-10-06T19:44:26Z	non-vendored
841bffed0dedb3db252851936c8252be4efdac89	skip	2026-10-06T19:44:26Z	non-vendored
65ecafa7ec674c33c0650327e3c7d15822c0724f	skip	2026-10-06T19:44:26Z	non-vendored
0cb5f95840c0c2970f5576c3482f43042051eb94	skip	2026-10-06T19:44:26Z	non-vendored
ca08fc8a91f64d80b00d48597907c579d0a85c6f	skip	2026-10-06T19:44:26Z	non-vendored
09dfbd91537b888136c9203dca4ffdee5a595c69	skip	2026-10-06T19:44:26Z	non-vendored
1256982d4d925a0acfe11e26c2253c32052c6247	skip	2026-10-06T19:44:26Z	non-vendored
3742e65294dfccc78f0e8c730a4290850cc54691	skip	2026-10-06T19:44:26Z	non-vendored
8071528176dd33477941837088ad595817c65f49	skip	2026-10-06T19:44:26Z	non-vendored
696dee5717bdb976772466c067b60d89d644260d	skip	2026-10-06T19:44:26Z	non-vendored
ec2450d05ea10aba7f597e4cd7b3de4af614b983	skip	2026-10-06T19:44:26Z	non-vendored
9ea55c598763f7cb87ab56933d773d7dc34344a0	skip	2026-10-06T19:44:26Z	non-vendored
82e8e0ad7791805662aa5570230c64c8b8b9ee16	skip	2026-10-06T19:44:26Z	non-vendored
4822dc38767c426fea909405d92b21e0c92c4fea	skip	2026-10-06T19:44:26Z	non-vendored
798b591aa498100f7744a948c0e3cbfc40e7eded	skip	2026-10-06T19:44:26Z	non-vendored
ea7c60e6283d97f4cae485b1671b3936dc604fcb	skip	2026-10-06T19:44:26Z	non-vendored
1a4ba9f1d6ce9d4ce692ec662d194d9563d60bc8	skip	2026-10-06T19:44:26Z	non-vendored
02b8a5eb8d107c3fefd05a0f11a871e8d4a1af1e	skip	2026-10-06T19:44:26Z	non-vendored
7b9bd5f950f89a9ba71b249b9801c1a95be3928e	skip	2026-10-06T19:44:26Z	non-vendored
94abac91caaacad4a27985456d0ce0838d74ec42	skip	2026-10-06T19:44:26Z	non-vendored
e6066e7db1fd57cb35f9a534781ceec595327feb	skip	2026-10-06T19:44:26Z	non-vendored
cfea213cce8ab21b369d2c51b019e6c2ebfdffa4	skip	2026-10-06T19:44:26Z	non-vendored
4db88ee79db0a68bbe049fe827e272ee2bc19510	skip	2026-10-06T19:44:26Z	non-vendored
04b241176fd9c10738a61df53d2c677c53e42990	skip	2026-10-06T19:44:26Z	non-vendored
2bb398210de413ed102009421798278c8cf64483	skip	2026-10-06T19:44:26Z	non-vendored
d53743250154f7811bc40586602854ab49726c7d	skip	2026-10-06T19:44:26Z	non-vendored
c199e0cc7d2d1e35e1985d37dbd5bdf63a3d3422	skip	2026-10-06T19:44:26Z	non-vendored
4db56eff303d088c43b85c7b032f47e7b9ba862e	skip	2026-10-06T19:44:26Z	non-vendored
07bce8a2c8ccc56c5b44b7067a04b8bf46128f05	skip	2026-10-06T19:44:26Z	non-vendored
9b2813356e9b9ef670dc1f4493a69e82c8e7f27e	skip	2026-10-06T19:44:26Z	non-vendored
1e0cc133f425b8ca049943e91000f3a38dcf6980	skip	2026-10-06T19:44:26Z	non-vendored
7be90d6e55e6b5e1607b519e97d0019b32b2656a	skip	2026-10-06T19:44:26Z	non-vendored
293fb74c3151cceda32a85a545fe8acd67f8f5c6	skip	2026-10-06T19:44:26Z	non-vendored
922ec62527fb04783e6615e1b032f7055e92eea4	skip	2026-10-06T19:44:26Z	non-vendored
43d16a56d832bdd467041a2540e46d3cf6433b3c	skip	2026-10-06T19:44:26Z	non-vendored
6ca26096b0c804ee2e8cf4e540cbc8ad82761f11	skip	2026-10-06T19:44:26Z	non-vendored
9e7054ee8a0feccb8b16cf3ba1518364dd9ce28c	skip	2026-10-06T19:44:26Z	non-vendored
311a784a100db18b6f78c9960d594a95dcc3eef5	skip	2026-10-06T19:44:26Z	non-vendored
1004934abf6b43f614af6f79720373e1d581e6e8	skip	2026-10-06T19:44:26Z	non-vendored
43d7af806478ea534164ac7b55a3c4ff7b359986	skip	2026-10-06T19:44:26Z	non-vendored
32ad9e6b47a880005ebeede2d0b5923359e5e6fd	skip	2026-10-06T19:44:26Z	non-vendored
8c1b2670bf8cc26b9178ebb199b2613153b6f483	skip	2026-10-06T19:44:26Z	non-vendored
4b1b74b181e81cbcaa8d3b68a0e4ed867165b972	skip	2026-10-06T19:44:26Z	non-vendored
3deb39e7b346e0ac213f77db6f04fc6ee2275f33	skip	2026-10-06T19:44:26Z	non-vendored
5eb104e1c5255fe6dad1cdb74a3866113bb311b5	skip	2026-10-06T19:44:26Z	non-vendored
4518c6df2053d748488285f3a202a24bd61b3c3c	skip	2026-10-06T19:44:26Z	non-vendored
9e3fd2f9e8e51891f87a40a0661f41d565dc0814	skip	2026-10-06T19:44:26Z	non-vendored
f9950784a739bef8f04e0e4f9cc2b0284da4055d	skip	2026-10-06T19:44:26Z	non-vendored
7dee682744c44a5a466c3280644b8439272eed2e	skip	2026-10-06T19:44:26Z	non-vendored
d1f1575cff97816e5cc08af66cd2506099c681d3	skip	2026-10-06T19:44:26Z	non-vendored
7e7a9b2a5d50e952ec38c0fbcf60c63c62f44cf9	skip	2026-10-06T19:44:26Z	non-vendored
ea5327d4676928040877cad43941a0971c26a971	skip	2026-10-06T19:44:26Z	non-vendored
9645e2f89b2d3195847df5c82ddf68b67e4de90f	skip	2026-10-06T19:44:26Z	non-vendored
6feac677af72e52ef4d279412276b5a6f21366f0	skip	2026-10-06T19:44:26Z	non-vendored
b89f6dbc3565c9e3e8990b3a837991d25d76633e	skip	2026-10-06T19:44:26Z	non-vendored
49699bb474b93a06638573ad5a9d1a18464253c6	skip	2026-10-06T19:44:26Z	non-vendored
14e5a1070020c5d101e8362756f3201fb677b467	skip	2026-10-06T19:44:26Z	non-vendored
d3323cefbcf645678b8dc481de204b02ad3d02dc	skip	2026-10-06T19:44:26Z	non-vendored
321ccfe628eca0d314b0ee4eaffcdd8a05639aaf	skip	2026-10-06T19:44:26Z	non-vendored
ce9ae2e2dc2de7ea05f4a8a6e636ccf576f83c79	skip	2026-10-06T19:44:26Z	non-vendored
d30ab4dd0bd1360868e85dd91c9c67a86df85b8a	skip	2026-10-06T19:44:26Z	non-vendored
f44eeba661acb45b0efecdc89a8aba7f0b7835ff	skip	2026-10-06T19:44:26Z	non-vendored
979a3f97a69934cc390ccbb240f16f4adf411989	skip	2026-10-06T19:44:26Z	non-vendored
027bc47a69a276c340717bafdc3708263094b9a4	skip	2026-10-06T19:44:26Z	non-vendored
a6d1b234198d95082523645d2fea8745ca7273bd	skip	2026-10-06T19:44:26Z	non-vendored
32e34f8173796e3566a51aee877dc96bc5191f64	skip	2026-10-06T19:44:26Z	non-vendored
0cc1c73a5e96749ab32d7ea5e14892fafa6972ae	skip	2026-10-06T19:44:26Z	non-vendored
ed01a6bca3361fd937cd7d5f05a58cb1abffe509	skip	2026-10-06T19:44:26Z	non-vendored
82fe8226252622fa807643bdca1710901198553a	skip	2026-10-06T19:44:26Z	non-vendored
304c81a8cefb6e3c029ebd0d12940ccf0713eccb	cherry-picked:954d878564a9364ef88b3d6ec1bcdc9b6899256c	2026-10-06T19:56:36Z	confirmed
9e06dc67a31fc291e76ad28b690abfd350a8fd6d	skip	2026-10-06T19:56:36Z	non-portable / no-op locally / adopted separately
123037ec8aed26f0d86327cc39137ee5043e5deb	skip	2026-10-06T19:56:36Z	non-portable / no-op locally / adopted separately
